
> sparkline-storybook@1.0.0 build-storybook
> storybook build --output-dir=/var/folders/sy/_lxnft0n2754xszhtcr61ftc0000gn/T/chromatic--35426-HdI6eD0FPrvn

@storybook/cli v7.6.21

info => Cleaning outputDir: /var/folders/sy/_lxnft0n2754xszhtcr61ftc0000gn/T/chromatic--35426-HdI6eD0FPrvn
info => Loading presets
info => Building manager..
info => Manager built (71 ms)
info => Building preview..
info => Copying static files: /Users/ashleygalbraith/Desktop/Portfolio/PORTFOLIO/Sparkline/DS/sparkline-storybook/node_modules/@storybook/manager/static at /var/folders/sy/_lxnft0n2754xszhtcr61ftc0000gn/T/chromatic--35426-HdI6eD0FPrvn/sb-common-assets
[36mvite v5.4.21 [32mbuilding for production...[36m[39m
transforming...
[32m✓[39m 589 modules transformed.
rendering chunks...
computing gzip size...
[2m../../../../../../../../var/folders/sy/_lxnft0n2754xszhtcr61ftc0000gn/T/chromatic--35426-HdI6eD0FPrvn/[22m[32miframe.html                                    [39m[1m[2m 12.94 kB[22m[1m[22m[2m │ gzip:   3.60 kB[22m
[2m../../../../../../../../var/folders/sy/_lxnft0n2754xszhtcr61ftc0000gn/T/chromatic--35426-HdI6eD0FPrvn/[22m[2massets/[22m[35mCard-DX-4R96e.css                       [39m[1m[2m  0.90 kB[22m[1m[22m[2m │ gzip:   0.41 kB[22m
[2m../../../../../../../../var/folders/sy/_lxnft0n2754xszhtcr61ftc0000gn/T/chromatic--35426-HdI6eD0FPrvn/[22m[2massets/[22m[35mCheckbox-Bh8I6MN9.css                   [39m[1m[2m  1.00 kB[22m[1m[22m[2m │ gzip:   0.37 kB[22m
[2m../../../../../../../../var/folders/sy/_lxnft0n2754xszhtcr61ftc0000gn/T/chromatic--35426-HdI6eD0FPrvn/[22m[2massets/[22m[35mpreview-CFZsB8wa.css                    [39m[1m[2m  1.09 kB[22m[1m[22m[2m │ gzip:   0.54 kB[22m
[2m../../../../../../../../var/folders/sy/_lxnft0n2754xszhtcr61ftc0000gn/T/chromatic--35426-HdI6eD0FPrvn/[22m[2massets/[22m[35mChip-CFna1QZ_.css                       [39m[1m[2m  1.29 kB[22m[1m[22m[2m │ gzip:   0.46 kB[22m
[2m../../../../../../../../var/folders/sy/_lxnft0n2754xszhtcr61ftc0000gn/T/chromatic--35426-HdI6eD0FPrvn/[22m[2massets/[22m[35mButton-BqNamJP-.css                     [39m[1m[2m  1.69 kB[22m[1m[22m[2m │ gzip:   0.51 kB[22m
[2m../../../../../../../../var/folders/sy/_lxnft0n2754xszhtcr61ftc0000gn/T/chromatic--35426-HdI6eD0FPrvn/[22m[2massets/[22m[35mButtonGroup-DKLukGKL.css                [39m[1m[2m  1.94 kB[22m[1m[22m[2m │ gzip:   0.54 kB[22m
[2m../../../../../../../../var/folders/sy/_lxnft0n2754xszhtcr61ftc0000gn/T/chromatic--35426-HdI6eD0FPrvn/[22m[2massets/[22m[35mSwitch-DZMW_rno.css                     [39m[1m[2m  2.02 kB[22m[1m[22m[2m │ gzip:   0.53 kB[22m
[2m../../../../../../../../var/folders/sy/_lxnft0n2754xszhtcr61ftc0000gn/T/chromatic--35426-HdI6eD0FPrvn/[22m[2massets/[22m[35mAvatar-HPi-cC05.css                     [39m[1m[2m  2.17 kB[22m[1m[22m[2m │ gzip:   0.60 kB[22m
[2m../../../../../../../../var/folders/sy/_lxnft0n2754xszhtcr61ftc0000gn/T/chromatic--35426-HdI6eD0FPrvn/[22m[2massets/[22m[35mInput-Dq5Zc3rM.css                      [39m[1m[2m  2.28 kB[22m[1m[22m[2m │ gzip:   0.61 kB[22m
[2m../../../../../../../../var/folders/sy/_lxnft0n2754xszhtcr61ftc0000gn/T/chromatic--35426-HdI6eD0FPrvn/[22m[2massets/[22m[36mpreview-P7_6zL14.js                     [39m[1m[2m  0.28 kB[22m[1m[22m[2m │ gzip:   0.21 kB[22m
[2m../../../../../../../../var/folders/sy/_lxnft0n2754xszhtcr61ftc0000gn/T/chromatic--35426-HdI6eD0FPrvn/[22m[2massets/[22m[36mWithTooltip-V3YHNWJZ-CQIoWe2M.js        [39m[1m[2m  0.36 kB[22m[1m[22m[2m │ gzip:   0.22 kB[22m
[2m../../../../../../../../var/folders/sy/_lxnft0n2754xszhtcr61ftc0000gn/T/chromatic--35426-HdI6eD0FPrvn/[22m[2massets/[22m[36msyntaxhighlighter-MJWPISIS-BL-Ega-9.js  [39m[1m[2m  0.41 kB[22m[1m[22m[2m │ gzip:   0.25 kB[22m
[2m../../../../../../../../var/folders/sy/_lxnft0n2754xszhtcr61ftc0000gn/T/chromatic--35426-HdI6eD0FPrvn/[22m[2massets/[22m[36mindex--fhZTOoi.js                       [39m[1m[2m  0.44 kB[22m[1m[22m[2m │ gzip:   0.30 kB[22m
[2m../../../../../../../../var/folders/sy/_lxnft0n2754xszhtcr61ftc0000gn/T/chromatic--35426-HdI6eD0FPrvn/[22m[2massets/[22m[36mreact-18-zgR3g1GU.js                    [39m[1m[2m  0.55 kB[22m[1m[22m[2m │ gzip:   0.34 kB[22m
[2m../../../../../../../../var/folders/sy/_lxnft0n2754xszhtcr61ftc0000gn/T/chromatic--35426-HdI6eD0FPrvn/[22m[2massets/[22m[36mpreview-DGtfogbN.js                     [39m[1m[2m  0.61 kB[22m[1m[22m[2m │ gzip:   0.39 kB[22m
[2m../../../../../../../../var/folders/sy/_lxnft0n2754xszhtcr61ftc0000gn/T/chromatic--35426-HdI6eD0FPrvn/[22m[2massets/[22m[36mpreview-GWuD73zX.js                     [39m[1m[2m  0.64 kB[22m[1m[22m[2m │ gzip:   0.44 kB[22m
[2m../../../../../../../../var/folders/sy/_lxnft0n2754xszhtcr61ftc0000gn/T/chromatic--35426-HdI6eD0FPrvn/[22m[2massets/[22m[36m_commonjsHelpers-BosuxZz1.js            [39m[1m[2m  0.69 kB[22m[1m[22m[2m │ gzip:   0.38 kB[22m
[2m../../../../../../../../var/folders/sy/_lxnft0n2754xszhtcr61ftc0000gn/T/chromatic--35426-HdI6eD0FPrvn/[22m[2massets/[22m[36mindex-DrFu-skq.js                       [39m[1m[2m  0.77 kB[22m[1m[22m[2m │ gzip:   0.47 kB[22m
[2m../../../../../../../../var/folders/sy/_lxnft0n2754xszhtcr61ftc0000gn/T/chromatic--35426-HdI6eD0FPrvn/[22m[2massets/[22m[36mpreview-Cv3rAi2i.js                     [39m[1m[2m  0.86 kB[22m[1m[22m[2m │ gzip:   0.55 kB[22m
[2m../../../../../../../../var/folders/sy/_lxnft0n2754xszhtcr61ftc0000gn/T/chromatic--35426-HdI6eD0FPrvn/[22m[2massets/[22m[36mjsx-runtime-Yb_4y5hn.js                 [39m[1m[2m  0.92 kB[22m[1m[22m[2m │ gzip:   0.58 kB[22m
[2m../../../../../../../../var/folders/sy/_lxnft0n2754xszhtcr61ftc0000gn/T/chromatic--35426-HdI6eD0FPrvn/[22m[2massets/[22m[36mentry-preview-BRMglYpa.js               [39m[1m[2m  1.15 kB[22m[1m[22m[2m │ gzip:   0.67 kB[22m
[2m../../../../../../../../var/folders/sy/_lxnft0n2754xszhtcr61ftc0000gn/T/chromatic--35426-HdI6eD0FPrvn/[22m[2massets/[22m[36mpreview-BPbji1-w.js                     [39m[1m[2m  1.19 kB[22m[1m[22m[2m │ gzip:   0.75 kB[22m
[2m../../../../../../../../var/folders/sy/_lxnft0n2754xszhtcr61ftc0000gn/T/chromatic--35426-HdI6eD0FPrvn/[22m[2massets/[22m[36mButton.stories-CGKyZrEG.js              [39m[1m[2m  1.31 kB[22m[1m[22m[2m │ gzip:   0.66 kB[22m
[2m../../../../../../../../var/folders/sy/_lxnft0n2754xszhtcr61ftc0000gn/T/chromatic--35426-HdI6eD0FPrvn/[22m[2massets/[22m[36mDocsRenderer-NNNQARDV-D2OkDmJU.js       [39m[1m[2m  1.39 kB[22m[1m[22m[2m │ gzip:   0.73 kB[22m
[2m../../../../../../../../var/folders/sy/_lxnft0n2754xszhtcr61ftc0000gn/T/chromatic--35426-HdI6eD0FPrvn/[22m[2massets/[22m[36mBadge.stories-BDAliLZu.js               [39m[1m[2m  1.81 kB[22m[1m[22m[2m │ gzip:   0.94 kB[22m
[2m../../../../../../../../var/folders/sy/_lxnft0n2754xszhtcr61ftc0000gn/T/chromatic--35426-HdI6eD0FPrvn/[22m[2massets/[22m[36mButton-y15MEYlq.js                      [39m[1m[2m  2.58 kB[22m[1m[22m[2m │ gzip:   0.91 kB[22m
[2m../../../../../../../../var/folders/sy/_lxnft0n2754xszhtcr61ftc0000gn/T/chromatic--35426-HdI6eD0FPrvn/[22m[2massets/[22m[36mindex-Cu4lwwaE.js                       [39m[1m[2m  2.58 kB[22m[1m[22m[2m │ gzip:   1.26 kB[22m
[2m../../../../../../../../var/folders/sy/_lxnft0n2754xszhtcr61ftc0000gn/T/chromatic--35426-HdI6eD0FPrvn/[22m[2massets/[22m[36mpreview-BcxrGG1y.js                     [39m[1m[2m  3.19 kB[22m[1m[22m[2m │ gzip:   1.37 kB[22m
[2m../../../../../../../../var/folders/sy/_lxnft0n2754xszhtcr61ftc0000gn/T/chromatic--35426-HdI6eD0FPrvn/[22m[2massets/[22m[36mButtonGroup.stories-DPT4cNkz.js         [39m[1m[2m  3.64 kB[22m[1m[22m[2m │ gzip:   1.34 kB[22m
[2m../../../../../../../../var/folders/sy/_lxnft0n2754xszhtcr61ftc0000gn/T/chromatic--35426-HdI6eD0FPrvn/[22m[2massets/[22m[36mCheckbox.stories-DygCDJKh.js            [39m[1m[2m  4.25 kB[22m[1m[22m[2m │ gzip:   1.34 kB[22m
[2m../../../../../../../../var/folders/sy/_lxnft0n2754xszhtcr61ftc0000gn/T/chromatic--35426-HdI6eD0FPrvn/[22m[2massets/[22m[36mInput.stories-CwQ-ujZL.js               [39m[1m[2m  4.61 kB[22m[1m[22m[2m │ gzip:   1.60 kB[22m
[2m../../../../../../../../var/folders/sy/_lxnft0n2754xszhtcr61ftc0000gn/T/chromatic--35426-HdI6eD0FPrvn/[22m[2massets/[22m[36mAvatar.stories-B5Gxm975.js              [39m[1m[2m  4.70 kB[22m[1m[22m[2m │ gzip:   1.67 kB[22m
[2m../../../../../../../../var/folders/sy/_lxnft0n2754xszhtcr61ftc0000gn/T/chromatic--35426-HdI6eD0FPrvn/[22m[2massets/[22m[36mSwitch.stories-BXPy_pgr.js              [39m[1m[2m  5.00 kB[22m[1m[22m[2m │ gzip:   1.52 kB[22m
[2m../../../../../../../../var/folders/sy/_lxnft0n2754xszhtcr61ftc0000gn/T/chromatic--35426-HdI6eD0FPrvn/[22m[2massets/[22m[36mpreview-FHoZfaOb.js                     [39m[1m[2m  5.17 kB[22m[1m[22m[2m │ gzip:   2.37 kB[22m
[2m../../../../../../../../var/folders/sy/_lxnft0n2754xszhtcr61ftc0000gn/T/chromatic--35426-HdI6eD0FPrvn/[22m[2massets/[22m[36mCard.stories--qd7Kh3j.js                [39m[1m[2m  6.20 kB[22m[1m[22m[2m │ gzip:   1.77 kB[22m
[2m../../../../../../../../var/folders/sy/_lxnft0n2754xszhtcr61ftc0000gn/T/chromatic--35426-HdI6eD0FPrvn/[22m[2massets/[22m[36miframe-Ca_o2uLr.js                      [39m[1m[2m  6.62 kB[22m[1m[22m[2m │ gzip:   2.28 kB[22m
[2m../../../../../../../../var/folders/sy/_lxnft0n2754xszhtcr61ftc0000gn/T/chromatic--35426-HdI6eD0FPrvn/[22m[2massets/[22m[36mChip.stories-BV0YZa15.js                [39m[1m[2m  6.86 kB[22m[1m[22m[2m │ gzip:   1.88 kB[22m
[2m../../../../../../../../var/folders/sy/_lxnft0n2754xszhtcr61ftc0000gn/T/chromatic--35426-HdI6eD0FPrvn/[22m[2massets/[22m[36mindex-BwDkhjyp.js                       [39m[1m[2m  7.18 kB[22m[1m[22m[2m │ gzip:   2.92 kB[22m
[2m../../../../../../../../var/folders/sy/_lxnft0n2754xszhtcr61ftc0000gn/T/chromatic--35426-HdI6eD0FPrvn/[22m[2massets/[22m[36mpreview-BAz7FMXc.js                     [39m[1m[2m  7.62 kB[22m[1m[22m[2m │ gzip:   1.56 kB[22m
[2m../../../../../../../../var/folders/sy/_lxnft0n2754xszhtcr61ftc0000gn/T/chromatic--35426-HdI6eD0FPrvn/[22m[2massets/[22m[36mpreview-BJKiUloN.js                     [39m[1m[2m  8.11 kB[22m[1m[22m[2m │ gzip:   3.09 kB[22m
[2m../../../../../../../../var/folders/sy/_lxnft0n2754xszhtcr61ftc0000gn/T/chromatic--35426-HdI6eD0FPrvn/[22m[2massets/[22m[36mColors-DlwKDVce.js                      [39m[1m[2m  9.00 kB[22m[1m[22m[2m │ gzip:   2.36 kB[22m
[2m../../../../../../../../var/folders/sy/_lxnft0n2754xszhtcr61ftc0000gn/T/chromatic--35426-HdI6eD0FPrvn/[22m[2massets/[22m[36mTypography-DgL8HFxM.js                  [39m[1m[2m 15.14 kB[22m[1m[22m[2m │ gzip:   3.24 kB[22m
[2m../../../../../../../../var/folders/sy/_lxnft0n2754xszhtcr61ftc0000gn/T/chromatic--35426-HdI6eD0FPrvn/[22m[2massets/[22m[36mColor-6VNJS4EI-cyiRc9HT.js              [39m[1m[2m 30.98 kB[22m[1m[22m[2m │ gzip:  11.71 kB[22m
[2m../../../../../../../../var/folders/sy/_lxnft0n2754xszhtcr61ftc0000gn/T/chromatic--35426-HdI6eD0FPrvn/[22m[2massets/[22m[36mpreview-D_2B9Zg0.js                     [39m[1m[2m 72.11 kB[22m[1m[22m[2m │ gzip:  24.44 kB[22m
[2m../../../../../../../../var/folders/sy/_lxnft0n2754xszhtcr61ftc0000gn/T/chromatic--35426-HdI6eD0FPrvn/[22m[2massets/[22m[36mindex-B_Ium2o0.js                       [39m[1m[2m 77.22 kB[22m[1m[22m[2m │ gzip:  22.96 kB[22m
[2m../../../../../../../../var/folders/sy/_lxnft0n2754xszhtcr61ftc0000gn/T/chromatic--35426-HdI6eD0FPrvn/[22m[2massets/[22m[36mindex-mjbyWnxV.js                       [39m[1m[2m134.00 kB[22m[1m[22m[2m │ gzip:  43.17 kB[22m
[2m../../../../../../../../var/folders/sy/_lxnft0n2754xszhtcr61ftc0000gn/T/chromatic--35426-HdI6eD0FPrvn/[22m[2massets/[22m[36mentry-preview-docs-DBFf5t2Z.js          [39m[1m[2m211.83 kB[22m[1m[22m[2m │ gzip:  66.34 kB[22m
[2m../../../../../../../../var/folders/sy/_lxnft0n2754xszhtcr61ftc0000gn/T/chromatic--35426-HdI6eD0FPrvn/[22m[2massets/[22m[36mindex-DPAnUT-2.js                       [39m[1m[33m540.98 kB[39m[22m[2m │ gzip: 176.29 kB[22m
[2m../../../../../../../../var/folders/sy/_lxnft0n2754xszhtcr61ftc0000gn/T/chromatic--35426-HdI6eD0FPrvn/[22m[2massets/[22m[36maxe-Cuuwh9jq.js                         [39m[1m[33m580.35 kB[39m[22m[2m │ gzip: 159.92 kB[22m
[2m../../../../../../../../var/folders/sy/_lxnft0n2754xszhtcr61ftc0000gn/T/chromatic--35426-HdI6eD0FPrvn/[22m[2massets/[22m[36mformatter-SWP5E3XI-CZbzjwux.js          [39m[1m[33m601.53 kB[39m[22m[2m │ gzip: 186.19 kB[22m
[32m✓ built in 3.46s[39m
info => Preview built (4.68 s)
info => Output directory: /var/folders/sy/_lxnft0n2754xszhtcr61ftc0000gn/T/chromatic--35426-HdI6eD0FPrvn
